✔ Local checksums – 227ms
✔ RPC discovery – 776ms
✔ Load deployments – 56ms
✔ Resolve impls – 728ms

=== Chain 1 (9 contracts) ===
   • Checksum diff details, PauseEnforcer (0xe514d9DEB7966c8BE0ca922de8a064264eA6bcd4)
┌──────────────────────────────────────┬──────────────────────┬──────────────────────┬──────────────┐
│ File                                 │ Local                │ Remote               │ Status       │
├──────────────────────────────────────┼──────────────────────┼──────────────────────┼──────────────┤
│ Address.sol                          │ 0xd6153ce9…8b8bef10  │ —                    │ only local   │
├──────────────────────────────────────┼──────────────────────┼──────────────────────┼──────────────┤
│ Initializable.sol                    │ 0x2a21b14f…561d0d66  │ —                    │ only local   │
├──────────────────────────────────────┼──────────────────────┼──────────────────────┼──────────────┤
│ PauseEnforcer.sol                    │ 0x4a758f6c…346beb37  │ 0x83fb9ccb…aaa37c02  │ mismatch     │
└──────────────────────────────────────┴──────────────────────┴──────────────────────┴──────────────┘
   • Checksum diff details, TransparentUpgradeableProxyV2 (0x64192819Ac13Ef72bF6b5AE239AC672B43a9AF08)
┌──────────────────────────────────────┬──────────────────────┬──────────────────────┬──────────────┐
│ File                                 │ Local                │ Remote               │ Status       │
├──────────────────────────────────────┼──────────────────────┼──────────────────────┼──────────────┤
│ Address.sol                          │ 0xd6153ce9…8b8bef10  │ 0x2ccf9d23…088a1c87  │ mismatch     │
├──────────────────────────────────────┼──────────────────────┼──────────────────────┼──────────────┤
│ ERC1967Proxy.sol                     │ 0xa2b22da3…8bb7975d  │ 0x6309f9f3…d606b3a0  │ mismatch     │
├──────────────────────────────────────┼──────────────────────┼──────────────────────┼──────────────┤
│ Proxy.sol                            │ 0xc130fe33…c82c0e27  │ 0x0edeb16b…6e602551  │ mismatch     │
├──────────────────────────────────────┼──────────────────────┼──────────────────────┼──────────────┤
│ StorageSlot.sol                      │ 0xd5c50c54…66e0c81d  │ 0xfe1b7a9a…16b46aca  │ mismatch     │
├──────────────────────────────────────┼──────────────────────┼──────────────────────┼──────────────┤
│ TransparentUpgradeableProxy.sol      │ 0xa6a787e7…d5da76f9  │ 0x140055a6…ca906253  │ mismatch     │
├──────────────────────────────────────┼──────────────────────┼──────────────────────┼──────────────┤
│ TransparentUpgradeableProxyV2.sol    │ 0x45fc7b71…c4ba64af  │ 0xdf52e286…d3583449  │ mismatch     │
└──────────────────────────────────────┴──────────────────────┴──────────────────────┴──────────────┘
   • Checksum diff details, TransparentUpgradeableProxyV2 (0x7D0556D55ca1a92708681e2e231733EBd922597D)
┌──────────────────────────────────────┬──────────────────────┬──────────────────────┬──────────────┐
│ File                                 │ Local                │ Remote               │ Status       │
├──────────────────────────────────────┼──────────────────────┼──────────────────────┼──────────────┤
│ TransparentUpgradeableProxyV2.sol    │ 0x45fc7b71…c4ba64af  │ 0x6609392e…475e88c5  │ mismatch     │
└──────────────────────────────────────┴──────────────────────┴──────────────────────┴──────────────┘
   • Checksum diff details, MainchainGatewayV3 (0x450032864C52Cb9210da8e30cE97CEaC8e215953)
┌──────────────────────────────────────┬──────────────────────┬──────────────────────┬──────────────┐
│ File                                 │ Local                │ Remote               │ Status       │
├──────────────────────────────────────┼──────────────────────┼──────────────────────┼──────────────┤
│ GatewayV3.sol                        │ 0xf32cdb6c…f12c14a6  │ 0x7d13ad8d…9049c62c  │ mismatch     │
├──────────────────────────────────────┼──────────────────────┼──────────────────────┼──────────────┤
│ MainchainGatewayV3.sol               │ 0x1e5ba54e…8a6db0c9  │ 0x36ba85ab…abf386aa  │ mismatch     │
├──────────────────────────────────────┼──────────────────────┼──────────────────────┼──────────────┤
│ AssetMigration.sol                   │ —                    │ 0x48245b1c…76e4fd22  │ only remote  │
├──────────────────────────────────────┼──────────────────────┼──────────────────────┼──────────────┤
│ FunctionRestrictable.sol             │ —                    │ 0xbd548aa9…e60b679d  │ only remote  │
├──────────────────────────────────────┼──────────────────────┼──────────────────────┼──────────────┤
│ ICCIPLiquidityContainer.sol          │ —                    │ 0xe9756ff9…e9609f89  │ only remote  │
└──────────────────────────────────────┴──────────────────────┴──────────────────────┴──────────────┘
┌────────────────────────────────────────────────────┬────────────────────────────────────────────┬───────────────┬───────────────┬───────────────┬────────────────────────────────────────┐
│ Address                                            │ Contract                                   │ Etherscan     │ Sourcify      │ Checksum      │ Notes                                  │
├────────────────────────────────────────────────────┼────────────────────────────────────────────┼───────────────┼───────────────┼───────────────┼────────────────────────────────────────┤
│ 0xe514d9DEB7966c8BE0ca922de8a064264eA6bcd4         │ PauseEnforcer                              │ ✔             │ ✔             │ ✖             │ Checksum mismatch                      │
├────────────────────────────────────────────────────┼────────────────────────────────────────────┼───────────────┼───────────────┼───────────────┼────────────────────────────────────────┤
│ 0x2Cf3CFb17774Ce0CFa34bB3f3761904e7fc3FaDB         │ TransparentProxyV2                         │ ✔             │ ✔             │ ✔             │ Checksum full match                    │
├────────────────────────────────────────────────────┼────────────────────────────────────────────┼───────────────┼───────────────┼───────────────┼────────────────────────────────────────┤
│ 0x64192819Ac13Ef72bF6b5AE239AC672B43a9AF08         │ TransparentUpgradeableProxyV2              │ ✔             │ ✔             │ ✖             │ Checksum mismatch                      │
├────────────────────────────────────────────────────┼────────────────────────────────────────────┼───────────────┼───────────────┼───────────────┼────────────────────────────────────────┤
│ 0xB255D6A720BB7c39fee173cE22113397119cB930         │ MainchainGovernanceAdmin                   │ ✔             │ ✔             │ ✖             │ No local artifact                      │
├────────────────────────────────────────────────────┼────────────────────────────────────────────┼───────────────┼───────────────┼───────────────┼────────────────────────────────────────┤
│ 0x7D0556D55ca1a92708681e2e231733EBd922597D         │ TransparentUpgradeableProxyV2              │ ✔             │ ✔             │ ✖             │ Checksum mismatch                      │
├────────────────────────────────────────────────────┼────────────────────────────────────────────┼───────────────┼───────────────┼───────────────┼────────────────────────────────────────┤
│ 0x8048b12511d9BE6e4e094089b12f54923C4E2F83         │ WethUnwrapper                              │ ✔             │ ✔             │ ✔             │ Checksum full match                    │
├────────────────────────────────────────────────────┼────────────────────────────────────────────┼───────────────┼───────────────┼───────────────┼────────────────────────────────────────┤
│ 0x0ac26945032143f6196d4bb5Ae03592BfAf822FD         │ MainchainBridgeManager                     │ ✔             │ ✔             │ ✔             │ Checksum full match                    │
├────────────────────────────────────────────────────┼────────────────────────────────────────────┼───────────────┼───────────────┼───────────────┼────────────────────────────────────────┤
│ 0x9Be8BB3C6ced4C0C51b1C943Dee26a593b1E6794         │ RoninTrustedOrganization                   │ ✔             │ ✔             │ ✖             │ No local artifact                      │
├────────────────────────────────────────────────────┼────────────────────────────────────────────┼───────────────┼───────────────┼───────────────┼────────────────────────────────────────┤
│ 0x450032864C52Cb9210da8e30cE97CEaC8e215953         │ MainchainGatewayV3                         │ ✔             │ ✔             │ ✖             │ Checksum mismatch                      │
└────────────────────────────────────────────────────┴────────────────────────────────────────────┴───────────────┴───────────────┴───────────────┴────────────────────────────────────────┘

=== Chain 2020 (30 contracts) ===
   • Checksum diff details, TransparentUpgradeableProxyV2 (0x273cdA3AFE17eB7BcB028b058382A9010ae82B24)
┌──────────────────────────────────────┬──────────────────────┬──────────────────────┬──────────────┐
│ File                                 │ Local                │ Remote               │ Status       │
├──────────────────────────────────────┼──────────────────────┼──────────────────────┼──────────────┤
│ TransparentUpgradeableProxyV2.sol    │ 0x45fc7b71…c4ba64af  │ 0x6609392e…475e88c5  │ mismatch     │
└──────────────────────────────────────┴──────────────────────┴──────────────────────┴──────────────┘
   • Checksum diff details, TransparentUpgradeableProxyV2 (0x796A163A21e9a659fc9773166e0AfDC1eB01aaD1)
┌──────────────────────────────────────┬──────────────────────┬──────────────────────┬──────────────┐
│ File                                 │ Local                │ Remote               │ Status       │
├──────────────────────────────────────┼──────────────────────┼──────────────────────┼──────────────┤
│ TransparentUpgradeableProxyV2.sol    │ 0x45fc7b71…c4ba64af  │ 0x6609392e…475e88c5  │ mismatch     │
└──────────────────────────────────────┴──────────────────────┴──────────────────────┴──────────────┘
   • Checksum diff details, TransparentUpgradeableProxyV2 (0xA30B2932CD8b8A89E34551Cdfa13810af38dA576)
┌──────────────────────────────────────┬──────────────────────┬──────────────────────┬──────────────┐
│ File                                 │ Local                │ Remote               │ Status       │
├──────────────────────────────────────┼──────────────────────┼──────────────────────┼──────────────┤
│ TransparentUpgradeableProxyV2.sol    │ 0x45fc7b71…c4ba64af  │ 0x6609392e…475e88c5  │ mismatch     │
└──────────────────────────────────────┴──────────────────────┴──────────────────────┴──────────────┘
   • Checksum diff details, TransparentUpgradeableProxyV2 (0x3Fb325b251eE80945d3fc8c7692f5aFFCA1B8bC2)
┌──────────────────────────────────────┬──────────────────────┬──────────────────────┬──────────────┐
│ File                                 │ Local                │ Remote               │ Status       │
├──────────────────────────────────────┼──────────────────────┼──────────────────────┼──────────────┤
│ TransparentUpgradeableProxyV2.sol    │ 0x45fc7b71…c4ba64af  │ 0x6609392e…475e88c5  │ mismatch     │
└──────────────────────────────────────┴──────────────────────┴──────────────────────┴──────────────┘
   • Checksum diff details, TransparentUpgradeableProxyV2 (0x6F45C1f8d84849D497C6C0Ac4c3842DC82f49894)
┌──────────────────────────────────────┬──────────────────────┬──────────────────────┬──────────────┐
│ File                                 │ Local                │ Remote               │ Status       │
├──────────────────────────────────────┼──────────────────────┼──────────────────────┼──────────────┤
│ TransparentUpgradeableProxyV2.sol    │ 0x45fc7b71…c4ba64af  │ 0x6609392e…475e88c5  │ mismatch     │
└──────────────────────────────────────┴──────────────────────┴──────────────────────┴──────────────┘
   • Checksum diff details, TransparentUpgradeableProxyV2 (0x840EBf1CA767CB690029E91856A357a43B85d035)
┌──────────────────────────────────────┬──────────────────────┬──────────────────────┬──────────────┐
│ File                                 │ Local                │ Remote               │ Status       │
├──────────────────────────────────────┼──────────────────────┼──────────────────────┼──────────────┤
│ TransparentUpgradeableProxyV2.sol    │ 0x45fc7b71…c4ba64af  │ 0x6609392e…475e88c5  │ mismatch     │
└──────────────────────────────────────┴──────────────────────┴──────────────────────┴──────────────┘
   • Checksum diff details, RoninBridgeManager (0x5FA49E6CA54a9daa8eCa4F403ADBDE5ee075D84a)
┌──────────────────────────────────────┬──────────────────────┬──────────────────────┬──────────────┐
│ File                                 │ Local                │ Remote               │ Status       │
├──────────────────────────────────────┼──────────────────────┼──────────────────────┼──────────────┤
│ AddressArrayUtils.sol                │ 0xce5d5788…0ddb85ee  │ 0xaf760162…81242001  │ mismatch     │
├──────────────────────────────────────┼──────────────────────┼──────────────────────┼──────────────┤
│ BridgeManager.sol                    │ 0xa66d73d3…2b15b28b  │ 0xed4094d8…1217d572  │ mismatch     │
├──────────────────────────────────────┼──────────────────────┼──────────────────────┼──────────────┤
│ BridgeManagerCallbackRegister.sol    │ 0xee1c849d…7c2f847f  │ 0x0fd58e2e…d01590ce  │ mismatch     │
├──────────────────────────────────────┼──────────────────────┼──────────────────────┼──────────────┤
│ BridgeManagerQuorum.sol              │ 0xd49face0…a507b74e  │ —                    │ only local   │
├──────────────────────────────────────┼──────────────────────┼──────────────────────┼──────────────┤
│ CommonErrors.sol                     │ 0x0d9e2fd9…3a204679  │ 0x22942c8f…648c1053  │ mismatch     │
├──────────────────────────────────────┼──────────────────────┼──────────────────────┼──────────────┤
│ CommonGovernanceProposal.sol         │ 0xa7fbe650…e9661949  │ 0x75d59a85…1995f321  │ mismatch     │
├──────────────────────────────────────┼──────────────────────┼──────────────────────┼──────────────┤
│ ContractType.sol                     │ 0xec088aa9…4578357d  │ 0x7f547a44…800dab68  │ mismatch     │
├──────────────────────────────────────┼──────────────────────┼──────────────────────┼──────────────┤
│ CoreGovernance.sol                   │ 0xa8dfef02…e32fed26  │ 0xc6056209…7bb1d81c  │ mismatch     │
├──────────────────────────────────────┼──────────────────────┼──────────────────────┼──────────────┤
│ GlobalCoreGovernance.sol             │ 0xe5db4e1b…7d5a1c3d  │ 0x986444ca…5ae0e54f  │ mismatch     │
├──────────────────────────────────────┼──────────────────────┼──────────────────────┼──────────────┤
│ GlobalGovernanceProposal.sol         │ 0x3905efdf…241231c8  │ 0xf51a22e3…9bd94fbb  │ mismatch     │
├──────────────────────────────────────┼──────────────────────┼──────────────────────┼──────────────┤
│ GlobalProposal.sol                   │ 0x76d362e1…c2132e6e  │ 0x2716e1ba…6d906474  │ mismatch     │
├──────────────────────────────────────┼──────────────────────┼──────────────────────┼──────────────┤
│ GovernanceProposal.sol               │ 0x82078818…bc411ec4  │ 0xcd9652e5…4871039f  │ mismatch     │
├──────────────────────────────────────┼──────────────────────┼──────────────────────┼──────────────┤
│ HasContracts.sol                     │ 0xf7dbefa3…0df01891  │ 0x9e1dceb6…61bc1dce  │ mismatch     │
├──────────────────────────────────────┼──────────────────────┼──────────────────────┼──────────────┤
│ HasProxyAdmin.sol                    │ 0xad3db02c…cbbc528e  │ 0x0916021d…39ddaf25  │ mismatch     │
├──────────────────────────────────────┼──────────────────────┼──────────────────────┼──────────────┤
│ IBridgeManager.sol                   │ 0xefc46318…f9b44923  │ 0x9339ce2f…bed76a60  │ mismatch     │
├──────────────────────────────────────┼──────────────────────┼──────────────────────┼──────────────┤
│ IBridgeManagerCallback.sol           │ 0x6c8ce7e2…9a0f3625  │ 0xfd6868a1…3e4629ee  │ mismatch     │
├──────────────────────────────────────┼──────────────────────┼──────────────────────┼──────────────┤
│ IBridgeManagerCallbackRegister.sol   │ 0x493f7a40…fa20ff97  │ 0xadbcf65e…4aea98f4  │ mismatch     │
├──────────────────────────────────────┼──────────────────────┼──────────────────────┼──────────────┤
│ IBridgeManagerEvents.sol             │ 0x38bc3709…cf7d997d  │ 0x217fff41…ebc07b8d  │ mismatch     │
├──────────────────────────────────────┼──────────────────────┼──────────────────────┼──────────────┤
│ IdentityGuard.sol                    │ 0x546ab4c9…a765da59  │ 0x2d0dfcef…378c2ce5  │ mismatch     │
├──────────────────────────────────────┼──────────────────────┼──────────────────────┼──────────────┤
│ Initializable.sol                    │ 0x2a21b14f…561d0d66  │ —                    │ only local   │
├──────────────────────────────────────┼──────────────────────┼──────────────────────┼──────────────┤
│ IQuorum.sol                          │ 0xc924e948…b67fa10f  │ 0x6b7920b0…b55123f0  │ mismatch     │
├──────────────────────────────────────┼──────────────────────┼──────────────────────┼──────────────┤
│ Proposal.sol                         │ 0x0ef21852…2fab6cb1  │ 0xbc29aa4e…dce7f7a1  │ mismatch     │
├──────────────────────────────────────┼──────────────────────┼──────────────────────┼──────────────┤
│ RoleAccess.sol                       │ 0x671ff40d…a55c0e51  │ 0x7da46318…35fb2502  │ mismatch     │
├──────────────────────────────────────┼──────────────────────┼──────────────────────┼──────────────┤
│ RoninBridgeManager.sol               │ 0x012d5f99…0ee8ec99  │ 0x2b55ad99…1f6db35c  │ mismatch     │
├──────────────────────────────────────┼──────────────────────┼──────────────────────┼──────────────┤
│ TransparentUpgradeableProxyV2.sol    │ 0x45fc7b71…c4ba64af  │ 0x6609392e…475e88c5  │ mismatch     │
└──────────────────────────────────────┴──────────────────────┴──────────────────────┴──────────────┘
   • Checksum diff details, TransparentUpgradeableProxyV2 (0x0CF8fF40a508bdBc39fBe1Bb679dCBa64E65C7Df)
┌──────────────────────────────────────┬──────────────────────┬──────────────────────┬──────────────┐
│ File                                 │ Local                │ Remote               │ Status       │
├──────────────────────────────────────┼──────────────────────┼──────────────────────┼──────────────┤
│ Address.sol                          │ 0xd6153ce9…8b8bef10  │ 0x2ccf9d23…088a1c87  │ mismatch     │
├──────────────────────────────────────┼──────────────────────┼──────────────────────┼──────────────┤
│ ERC1967Proxy.sol                     │ 0xa2b22da3…8bb7975d  │ 0x6309f9f3…d606b3a0  │ mismatch     │
├──────────────────────────────────────┼──────────────────────┼──────────────────────┼──────────────┤
│ Proxy.sol                            │ 0xc130fe33…c82c0e27  │ 0x0edeb16b…6e602551  │ mismatch     │
├──────────────────────────────────────┼──────────────────────┼──────────────────────┼──────────────┤
│ StorageSlot.sol                      │ 0xd5c50c54…66e0c81d  │ 0xfe1b7a9a…16b46aca  │ mismatch     │
├──────────────────────────────────────┼──────────────────────┼──────────────────────┼──────────────┤
│ TransparentUpgradeableProxy.sol      │ 0xa6a787e7…d5da76f9  │ 0x140055a6…ca906253  │ mismatch     │
├──────────────────────────────────────┼──────────────────────┼──────────────────────┼──────────────┤
│ TransparentUpgradeableProxyV2.sol    │ 0x45fc7b71…c4ba64af  │ 0xdf52e286…d3583449  │ mismatch     │
└──────────────────────────────────────┴──────────────────────┴──────────────────────┴──────────────┘
   • Checksum diff details, PauseEnforcer (0x2367cD5468c2b3cD18aA74AdB7e14E43426aF837)
┌──────────────────────────────────────┬──────────────────────┬──────────────────────┬──────────────┐
│ File                                 │ Local                │ Remote               │ Status       │
├──────────────────────────────────────┼──────────────────────┼──────────────────────┼──────────────┤
│ Address.sol                          │ 0xd6153ce9…8b8bef10  │ —                    │ only local   │
├──────────────────────────────────────┼──────────────────────┼──────────────────────┼──────────────┤
│ Initializable.sol                    │ 0x2a21b14f…561d0d66  │ —                    │ only local   │
├──────────────────────────────────────┼──────────────────────┼──────────────────────┼──────────────┤
│ PauseEnforcer.sol                    │ 0x4a758f6c…346beb37  │ 0x8ad7dac2…d66a9f2d  │ mismatch     │
└──────────────────────────────────────┴──────────────────────┴──────────────────────┴──────────────┘
   • Checksum diff details, TransparentUpgradeableProxyV2 (0x98D0230884448B3E2f09a177433D60fb1E19C090)
┌──────────────────────────────────────┬──────────────────────┬──────────────────────┬──────────────┐
│ File                                 │ Local                │ Remote               │ Status       │
├──────────────────────────────────────┼──────────────────────┼──────────────────────┼──────────────┤
│ TransparentUpgradeableProxyV2.sol    │ 0x45fc7b71…c4ba64af  │ 0x6609392e…475e88c5  │ mismatch     │
└──────────────────────────────────────┴──────────────────────┴──────────────────────┴──────────────┘
   • Checksum diff details, TransparentUpgradeableProxyV2 (0xEBFFF2b32fA0dF9C5C8C5d5AAa7e8b51d5207bA3)
┌──────────────────────────────────────┬──────────────────────┬──────────────────────┬──────────────┐
│ File                                 │ Local                │ Remote               │ Status       │
├──────────────────────────────────────┼──────────────────────┼──────────────────────┼──────────────┤
│ TransparentUpgradeableProxyV2.sol    │ 0x45fc7b71…c4ba64af  │ 0x6609392e…475e88c5  │ mismatch     │
└──────────────────────────────────────┴──────────────────────┴──────────────────────┴──────────────┘
   • Checksum diff details, TransparentUpgradeableProxyV2 (0x617c5d73662282EA7FfD231E020eCa6D2B0D552f)
┌──────────────────────────────────────┬──────────────────────┬──────────────────────┬──────────────┐
│ File                                 │ Local                │ Remote               │ Status       │
├──────────────────────────────────────┼──────────────────────┼──────────────────────┼──────────────┤
│ TransparentUpgradeableProxyV2.sol    │ 0x45fc7b71…c4ba64af  │ 0x6609392e…475e88c5  │ mismatch     │
└──────────────────────────────────────┴──────────────────────┴──────────────────────┴──────────────┘
   • Checksum diff details, TransparentUpgradeableProxyV2 (0x545edb750eB8769C868429BE9586F5857A768758)
┌──────────────────────────────────────┬──────────────────────┬──────────────────────┬──────────────┐
│ File                                 │ Local                │ Remote               │ Status       │
├──────────────────────────────────────┼──────────────────────┼──────────────────────┼──────────────┤
│ TransparentUpgradeableProxyV2.sol    │ 0x45fc7b71…c4ba64af  │ 0x6609392e…475e88c5  │ mismatch     │
└──────────────────────────────────────┴──────────────────────┴──────────────────────┴──────────────┘
   • Checksum diff details, TransparentUpgradeableProxyV2 (0xC768423A2AE2B5024cB58F3d6449A8f5DB6D8816)
┌──────────────────────────────────────┬──────────────────────┬──────────────────────┬──────────────┐
│ File                                 │ Local                │ Remote               │ Status       │
├──────────────────────────────────────┼──────────────────────┼──────────────────────┼──────────────┤
│ TransparentUpgradeableProxyV2.sol    │ 0x45fc7b71…c4ba64af  │ 0x6609392e…475e88c5  │ mismatch     │
└──────────────────────────────────────┴──────────────────────┴──────────────────────┴──────────────┘
   • Checksum diff details, WBTC (0x7E73630F81647bCFD7B1F2C04c1C662D17d4577e)
┌──────────────────────────────────────┬──────────────────────┬──────────────────────┬──────────────┐
│ File                                 │ Local                │ Remote               │ Status       │
├──────────────────────────────────────┼──────────────────────┼──────────────────────┼──────────────┤
│ Address.sol                          │ 0xd6153ce9…8b8bef10  │ —                    │ only local   │
├──────────────────────────────────────┼──────────────────────┼──────────────────────┼──────────────┤
│ Initializable.sol                    │ 0x2a21b14f…561d0d66  │ —                    │ only local   │
├──────────────────────────────────────┼──────────────────────┼──────────────────────┼──────────────┤
│ WBTC.sol                             │ 0x081e0d6d…201e9347  │ 0x8feda48d…09a470ac  │ mismatch     │
└──────────────────────────────────────┴──────────────────────┴──────────────────────┴──────────────┘
   • Checksum diff details, BridgeReward (0x8048b12511d9BE6e4e094089b12f54923C4E2F83)
┌──────────────────────────────────────┬──────────────────────┬──────────────────────┬──────────────┐
│ File                                 │ Local                │ Remote               │ Status       │
├──────────────────────────────────────┼──────────────────────┼──────────────────────┼──────────────┤
│ BridgeReward.sol                     │ 0x05ef3adb…5f0dee57  │ 0x7a6f4f58…6af2a009  │ mismatch     │
├──────────────────────────────────────┼──────────────────────┼──────────────────────┼──────────────┤
│ IBridgeSlash.sol                     │ 0xc783dc20…7f1b30e5  │ 0xb22e3ead…a2460134  │ mismatch     │
└──────────────────────────────────────┴──────────────────────┴──────────────────────┴──────────────┘
   • Checksum diff details, BridgeSlash (0xfc274EC92bBb1A1472884558d1B5CaaC6F8220Ee)
┌──────────────────────────────────────┬──────────────────────┬──────────────────────┬──────────────┐
│ File                                 │ Local                │ Remote               │ Status       │
├──────────────────────────────────────┼──────────────────────┼──────────────────────┼──────────────┤
│ BridgeSlash.sol                      │ 0xcf3c91fb…be8e4557  │ 0x6734513b…cc0efdff  │ mismatch     │
├──────────────────────────────────────┼──────────────────────┼──────────────────────┼──────────────┤
│ IBridgeSlash.sol                     │ 0xc783dc20…7f1b30e5  │ 0xb22e3ead…a2460134  │ mismatch     │
└──────────────────────────────────────┴──────────────────────┴──────────────────────┴──────────────┘
   • Checksum diff details, BridgeTracking (0x9521dBE27803f5d31da86d5846e7fE011d235018)
┌──────────────────────────────────────┬──────────────────────┬──────────────────────┬──────────────┐
│ File                                 │ Local                │ Remote               │ Status       │
├──────────────────────────────────────┼──────────────────────┼──────────────────────┼──────────────┤
│ IBridgeSlash.sol                     │ 0xc783dc20…7f1b30e5  │ 0xb22e3ead…a2460134  │ mismatch     │
└──────────────────────────────────────┴──────────────────────┴──────────────────────┴──────────────┘
   • Checksum diff details, RoninGatewayV3 (0x450032864C52Cb9210da8e30cE97CEaC8e215953)
┌──────────────────────────────────────┬──────────────────────┬──────────────────────┬──────────────┐
│ File                                 │ Local                │ Remote               │ Status       │
├──────────────────────────────────────┼──────────────────────┼──────────────────────┼──────────────┤
│ GatewayV3.sol                        │ 0xf32cdb6c…f12c14a6  │ 0x7d13ad8d…9049c62c  │ mismatch     │
├──────────────────────────────────────┼──────────────────────┼──────────────────────┼──────────────┤
│ RoninGatewayV3.sol                   │ 0xa7d82600…36140e2c  │ 0x259b2998…63019c60  │ mismatch     │
├──────────────────────────────────────┼──────────────────────┼──────────────────────┼──────────────┤
│ AssetMigration.sol                   │ —                    │ 0x48245b1c…76e4fd22  │ only remote  │
├──────────────────────────────────────┼──────────────────────┼──────────────────────┼──────────────┤
│ FunctionRestrictable.sol             │ —                    │ 0xbd548aa9…e60b679d  │ only remote  │
├──────────────────────────────────────┼──────────────────────┼──────────────────────┼──────────────┤
│ ICCIPLiquidityContainer.sol          │ —                    │ 0xe9756ff9…e9609f89  │ only remote  │
└──────────────────────────────────────┴──────────────────────┴──────────────────────┴──────────────┘
┌────────────────────────────────────────────────────┬────────────────────────────────────────────┬───────────────┬───────────────┬───────────────┬────────────────────────────────────────┐
│ Address                                            │ Contract                                   │ Etherscan     │ Sourcify      │ Checksum      │ Notes                                  │
├────────────────────────────────────────────────────┼────────────────────────────────────────────┼───────────────┼───────────────┼───────────────┼────────────────────────────────────────┤
│ 0x273cdA3AFE17eB7BcB028b058382A9010ae82B24         │ TransparentUpgradeableProxyV2              │ NA            │ ✔             │ ✖             │ Checksum mismatch                      │
├────────────────────────────────────────────────────┼────────────────────────────────────────────┼───────────────┼───────────────┼───────────────┼────────────────────────────────────────┤
│ 0x796A163A21e9a659fc9773166e0AfDC1eB01aaD1         │ TransparentUpgradeableProxyV2              │ NA            │ ✔             │ ✖             │ Checksum mismatch                      │
├────────────────────────────────────────────────────┼────────────────────────────────────────────┼───────────────┼───────────────┼───────────────┼────────────────────────────────────────┤
│ 0xA30B2932CD8b8A89E34551Cdfa13810af38dA576         │ TransparentUpgradeableProxyV2              │ NA            │ ✔             │ ✖             │ Checksum mismatch                      │
├────────────────────────────────────────────────────┼────────────────────────────────────────────┼───────────────┼───────────────┼───────────────┼────────────────────────────────────────┤
│ 0x3Fb325b251eE80945d3fc8c7692f5aFFCA1B8bC2         │ TransparentUpgradeableProxyV2              │ NA            │ ✔             │ ✖             │ Checksum mismatch                      │
├────────────────────────────────────────────────────┼────────────────────────────────────────────┼───────────────┼───────────────┼───────────────┼────────────────────────────────────────┤
│ 0x6F45C1f8d84849D497C6C0Ac4c3842DC82f49894         │ TransparentUpgradeableProxyV2              │ NA            │ ✔             │ ✖             │ Checksum mismatch                      │
├────────────────────────────────────────────────────┼────────────────────────────────────────────┼───────────────┼───────────────┼───────────────┼────────────────────────────────────────┤
│ 0x840EBf1CA767CB690029E91856A357a43B85d035         │ TransparentUpgradeableProxyV2              │ NA            │ ✔             │ ✖             │ Checksum mismatch                      │
├────────────────────────────────────────────────────┼────────────────────────────────────────────┼───────────────┼───────────────┼───────────────┼────────────────────────────────────────┤
│ 0x2ae89936FC398AeA23c63dB2404018fE361A8628         │ TransparentProxyV2                         │ NA            │ ✔             │ ✔             │ Checksum full match                    │
├────────────────────────────────────────────────────┼────────────────────────────────────────────┼───────────────┼───────────────┼───────────────┼────────────────────────────────────────┤
│ 0x5FA49E6CA54a9daa8eCa4F403ADBDE5ee075D84a         │ RoninBridgeManager                         │ NA            │ ✔             │ ✖             │ Checksum mismatch                      │
├────────────────────────────────────────────────────┼────────────────────────────────────────────┼───────────────┼───────────────┼───────────────┼────────────────────────────────────────┤
│ 0x0CF8fF40a508bdBc39fBe1Bb679dCBa64E65C7Df         │ TransparentUpgradeableProxyV2              │ NA            │ ✔             │ ✖             │ Checksum mismatch                      │
├────────────────────────────────────────────────────┼────────────────────────────────────────────┼───────────────┼───────────────┼───────────────┼────────────────────────────────────────┤
│ 0x2367cD5468c2b3cD18aA74AdB7e14E43426aF837         │ PauseEnforcer                              │ NA            │ ✔             │ ✖             │ Checksum mismatch                      │
├────────────────────────────────────────────────────┼────────────────────────────────────────────┼───────────────┼───────────────┼───────────────┼────────────────────────────────────────┤
│ 0x946397deDFd2f79b75a72B322944a21C3240c9c3         │ RoninGovernanceAdmin                       │ NA            │ ✔             │ ✖             │ No local artifact                      │
├────────────────────────────────────────────────────┼────────────────────────────────────────────┼───────────────┼───────────────┼───────────────┼────────────────────────────────────────┤
│ 0x98D0230884448B3E2f09a177433D60fb1E19C090         │ TransparentUpgradeableProxyV2              │ NA            │ ✔             │ ✖             │ Checksum mismatch                      │
├────────────────────────────────────────────────────┼────────────────────────────────────────────┼───────────────┼───────────────┼───────────────┼────────────────────────────────────────┤
│ 0xEBFFF2b32fA0dF9C5C8C5d5AAa7e8b51d5207bA3         │ TransparentUpgradeableProxyV2              │ NA            │ ✔             │ ✖             │ Checksum mismatch                      │
├────────────────────────────────────────────────────┼────────────────────────────────────────────┼───────────────┼───────────────┼───────────────┼────────────────────────────────────────┤
│ 0x617c5d73662282EA7FfD231E020eCa6D2B0D552f         │ TransparentUpgradeableProxyV2              │ NA            │ ✔             │ ✖             │ Checksum mismatch                      │
├────────────────────────────────────────────────────┼────────────────────────────────────────────┼───────────────┼───────────────┼───────────────┼────────────────────────────────────────┤
│ 0x545edb750eB8769C868429BE9586F5857A768758         │ TransparentUpgradeableProxyV2              │ NA            │ ✔             │ ✖             │ Checksum mismatch                      │
├────────────────────────────────────────────────────┼────────────────────────────────────────────┼───────────────┼───────────────┼───────────────┼────────────────────────────────────────┤
│ 0xC768423A2AE2B5024cB58F3d6449A8f5DB6D8816         │ TransparentUpgradeableProxyV2              │ NA            │ ✔             │ ✖             │ Checksum mismatch                      │
├────────────────────────────────────────────────────┼────────────────────────────────────────────┼───────────────┼───────────────┼───────────────┼────────────────────────────────────────┤
│ 0x7E73630F81647bCFD7B1F2C04c1C662D17d4577e         │ WBTC                                       │ NA            │ ✔             │ ✖             │ Checksum mismatch                      │
├────────────────────────────────────────────────────┼────────────────────────────────────────────┼───────────────┼───────────────┼───────────────┼────────────────────────────────────────┤
│ 0x8048b12511d9BE6e4e094089b12f54923C4E2F83         │ BridgeReward                               │ NA            │ ✔             │ ✖             │ Checksum mismatch                      │
├────────────────────────────────────────────────────┼────────────────────────────────────────────┼───────────────┼───────────────┼───────────────┼────────────────────────────────────────┤
│ 0xfc274EC92bBb1A1472884558d1B5CaaC6F8220Ee         │ BridgeSlash                                │ NA            │ ✔             │ ✖             │ Checksum mismatch                      │
├────────────────────────────────────────────────────┼────────────────────────────────────────────┼───────────────┼───────────────┼───────────────┼────────────────────────────────────────┤
│ 0x9521dBE27803f5d31da86d5846e7fE011d235018         │ BridgeTracking                             │ NA            │ ✔             │ ✖             │ Checksum mismatch                      │
├────────────────────────────────────────────────────┼────────────────────────────────────────────┼───────────────┼───────────────┼───────────────┼────────────────────────────────────────┤
│ 0xE7bA9de0fc9778610A3E0608618D26e018AB83FF         │ FastFinalityTracking                       │ NA            │ ✔             │ ✖             │ No local artifact                      │
├────────────────────────────────────────────────────┼────────────────────────────────────────────┼───────────────┼───────────────┼───────────────┼────────────────────────────────────────┤
│ 0x3e07aeEef99a1f6eBC9B236b8B0051ac18560a48         │ Maintenance                                │ NA            │ ✔             │ ✖             │ No local artifact                      │
├────────────────────────────────────────────────────┼────────────────────────────────────────────┼───────────────┼───────────────┼───────────────┼────────────────────────────────────────┤
│ 0xF2686639C1C8D291059eb19aB3c5e75683E50ad2         │ Profile_Mainnet                            │ NA            │ ✔             │ ✖             │ No local artifact                      │
├────────────────────────────────────────────────────┼────────────────────────────────────────────┼───────────────┼───────────────┼───────────────┼────────────────────────────────────────┤
│ 0xacE8Be70b25ac65b7c2ccd15EE3C5E8b2F2a12D3         │ RoninBridgeManager                         │ NA            │ ✔             │ ✔             │ Checksum full match                    │
├────────────────────────────────────────────────────┼────────────────────────────────────────────┼───────────────┼───────────────┼───────────────┼────────────────────────────────────────┤
│ 0x450032864C52Cb9210da8e30cE97CEaC8e215953         │ RoninGatewayV3                             │ NA            │ ✔             │ ✖             │ Checksum mismatch                      │
├────────────────────────────────────────────────────┼────────────────────────────────────────────┼───────────────┼───────────────┼───────────────┼────────────────────────────────────────┤
│ 0x83246543DfC871F078ED7cffCa97095db85DA08d         │ RoninTrustedOrganization                   │ NA            │ ✔             │ ✖             │ No local artifact                      │
├────────────────────────────────────────────────────┼────────────────────────────────────────────┼───────────────┼───────────────┼───────────────┼────────────────────────────────────────┤
│ 0xFA8D5BC04514844d5B79B52E46f473c4eeb2f039         │ RoninValidatorSet                          │ NA            │ ✔             │ ✖             │ No local artifact                      │
├────────────────────────────────────────────────────┼────────────────────────────────────────────┼───────────────┼───────────────┼───────────────┼────────────────────────────────────────┤
│ 0xd503747234CD3179508831De24BE8990f50ebFC8         │ SlashIndicator                             │ NA            │ ✔             │ ✖             │ No local artifact                      │
├────────────────────────────────────────────────────┼────────────────────────────────────────────┼───────────────┼───────────────┼───────────────┼────────────────────────────────────────┤
│ 0xb7161757C02a6f71361c38f7022876105B266Fdc         │ Staking                                    │ NA            │ ✔             │ ✖             │ No local artifact                      │
├────────────────────────────────────────────────────┼────────────────────────────────────────────┼───────────────┼───────────────┼───────────────┼────────────────────────────────────────┤
│ 0x945Aa80eD35897D2210C5D85Fe204f439374935d         │ StakingVesting                             │ NA            │ ✔             │ ✖             │ No local artifact                      │
└────────────────────────────────────────────────────┴────────────────────────────────────────────┴───────────────┴───────────────┴───────────────┴────────────────────────────────────────┘

=== Chain 2021 (39 contracts) ===
   • Checksum diff details, TransparentUpgradeableProxyV2 (0x7FC81d20f7D1f53D0eA094fcBdd1b531B71225EB)
┌──────────────────────────────────────┬──────────────────────┬──────────────────────┬──────────────┐
│ File                                 │ Local                │ Remote               │ Status       │
├──────────────────────────────────────┼──────────────────────┼──────────────────────┼──────────────┤
│ TransparentUpgradeableProxyV2.sol    │ 0x45fc7b71…c4ba64af  │ 0x6609392e…475e88c5  │ mismatch     │
└──────────────────────────────────────┴──────────────────────┴──────────────────────┴──────────────┘
   • Checksum diff details, TransparentUpgradeableProxyV2 (0x6E19cF519b7B83F7CE719B6d30232485d9609D95)
┌──────────────────────────────────────┬──────────────────────┬──────────────────────┬──────────────┐
│ File                                 │ Local                │ Remote               │ Status       │
├──────────────────────────────────────┼──────────────────────┼──────────────────────┼──────────────┤
│ TransparentUpgradeableProxyV2.sol    │ 0x45fc7b71…c4ba64af  │ 0x6609392e…475e88c5  │ mismatch     │
└──────────────────────────────────────┴──────────────────────┴──────────────────────┴──────────────┘
   • Checksum diff details, TransparentUpgradeableProxyV2 (0x880c5da7bFF9740464287EBFE381Be1cCCCE4FEA)
┌──────────────────────────────────────┬──────────────────────┬──────────────────────┬──────────────┐
│ File                                 │ Local                │ Remote               │ Status       │
├──────────────────────────────────────┼──────────────────────┼──────────────────────┼──────────────┤
│ TransparentUpgradeableProxyV2.sol    │ 0x45fc7b71…c4ba64af  │ 0x6609392e…475e88c5  │ mismatch     │
└──────────────────────────────────────┴──────────────────────┴──────────────────────┴──────────────┘
   • Checksum diff details, TransparentUpgradeableProxyV2 (0x41aCDFe786171824a037f2Cd6224c5916A58969a)
┌──────────────────────────────────────┬──────────────────────┬──────────────────────┬──────────────┐
│ File                                 │ Local                │ Remote               │ Status       │
├──────────────────────────────────────┼──────────────────────┼──────────────────────┼──────────────┤
│ TransparentUpgradeableProxyV2.sol    │ 0x45fc7b71…c4ba64af  │ 0x6609392e…475e88c5  │ mismatch     │
└──────────────────────────────────────┴──────────────────────┴──────────────────────┴──────────────┘
   • Checksum diff details, TransparentUpgradeableProxyV2 (0x4016C80D97DDCbe4286140446759a3f0c1d20584)
┌──────────────────────────────────────┬──────────────────────┬──────────────────────┬──────────────┐
│ File                                 │ Local                │ Remote               │ Status       │
├──────────────────────────────────────┼──────────────────────┼──────────────────────┼──────────────┤
│ TransparentUpgradeableProxyV2.sol    │ 0x45fc7b71…c4ba64af  │ 0x6609392e…475e88c5  │ mismatch     │
└──────────────────────────────────────┴──────────────────────┴──────────────────────┴──────────────┘
   • Checksum diff details, TransparentUpgradeableProxyV2 (0x3b67c8D22a91572a6AB18acC9F70787Af04A4043)
┌──────────────────────────────────────┬──────────────────────┬──────────────────────┬──────────────┐
│ File                                 │ Local                │ Remote               │ Status       │
├──────────────────────────────────────┼──────────────────────┼──────────────────────┼──────────────┤
│ TransparentUpgradeableProxyV2.sol    │ 0x45fc7b71…c4ba64af  │ 0x6609392e…475e88c5  │ mismatch     │
└──────────────────────────────────────┴──────────────────────┴──────────────────────┴──────────────┘
   • Checksum diff details, PauseEnforcer (0x51F44b52856d8E83692FCE53795eb848f410B950)
┌──────────────────────────────────────┬──────────────────────┬──────────────────────┬──────────────┐
│ File                                 │ Local                │ Remote               │ Status       │
├──────────────────────────────────────┼──────────────────────┼──────────────────────┼──────────────┤
│ Address.sol                          │ 0xd6153ce9…8b8bef10  │ —                    │ only local   │
├──────────────────────────────────────┼──────────────────────┼──────────────────────┼──────────────┤
│ Initializable.sol                    │ 0x2a21b14f…561d0d66  │ —                    │ only local   │
├──────────────────────────────────────┼──────────────────────┼──────────────────────┼──────────────┤
│ PauseEnforcer.sol                    │ 0x4a758f6c…346beb37  │ 0x8ad7dac2…d66a9f2d  │ mismatch     │
└──────────────────────────────────────┴──────────────────────┴──────────────────────┴──────────────┘
   • Checksum diff details, TransparentUpgradeableProxyV2 (0xCee681C9108c42C710c6A8A949307D5F13C9F3ca)
┌──────────────────────────────────────┬──────────────────────┬──────────────────────┬──────────────┐
│ File                                 │ Local                │ Remote               │ Status       │
├──────────────────────────────────────┼──────────────────────┼──────────────────────┼──────────────┤
│ Address.sol                          │ 0xd6153ce9…8b8bef10  │ 0x2ccf9d23…088a1c87  │ mismatch     │
├──────────────────────────────────────┼──────────────────────┼──────────────────────┼──────────────┤
│ ERC1967Proxy.sol                     │ 0xa2b22da3…8bb7975d  │ 0x6309f9f3…d606b3a0  │ mismatch     │
├──────────────────────────────────────┼──────────────────────┼──────────────────────┼──────────────┤
│ Proxy.sol                            │ 0xc130fe33…c82c0e27  │ 0x0edeb16b…6e602551  │ mismatch     │
├──────────────────────────────────────┼──────────────────────┼──────────────────────┼──────────────┤
│ StorageSlot.sol                      │ 0xd5c50c54…66e0c81d  │ 0xfe1b7a9a…16b46aca  │ mismatch     │
├──────────────────────────────────────┼──────────────────────┼──────────────────────┼──────────────┤
│ TransparentUpgradeableProxy.sol      │ 0xa6a787e7…d5da76f9  │ 0x140055a6…ca906253  │ mismatch     │
├──────────────────────────────────────┼──────────────────────┼──────────────────────┼──────────────┤
│ TransparentUpgradeableProxyV2.sol    │ 0x45fc7b71…c4ba64af  │ 0xdf52e286…d3583449  │ mismatch     │
└──────────────────────────────────────┴──────────────────────┴──────────────────────┴──────────────┘
   • Checksum diff details, TransparentUpgradeableProxyV2 (0x1aD54D61F47acBcBA99fb6540A1694EB2F47AB95)
┌──────────────────────────────────────┬──────────────────────┬──────────────────────┬──────────────┐
│ File                                 │ Local                │ Remote               │ Status       │
├──────────────────────────────────────┼──────────────────────┼──────────────────────┼──────────────┤
│ TransparentUpgradeableProxyV2.sol    │ 0x45fc7b71…c4ba64af  │ 0x6609392e…475e88c5  │ mismatch     │
└──────────────────────────────────────┴──────────────────────┴──────────────────────┴──────────────┘
   • Checksum diff details, TransparentUpgradeableProxyV2 (0x7507dc433a98E1fE105d69f19f3B40E4315A4F32)
┌──────────────────────────────────────┬──────────────────────┬──────────────────────┬──────────────┐
│ File                                 │ Local                │ Remote               │ Status       │
├──────────────────────────────────────┼──────────────────────┼──────────────────────┼──────────────┤
│ TransparentUpgradeableProxyV2.sol    │ 0x45fc7b71…c4ba64af  │ 0x6609392e…475e88c5  │ mismatch     │
└──────────────────────────────────────┴──────────────────────┴──────────────────────┴──────────────┘
   • Checksum diff details, TransparentUpgradeableProxyV2 (0x54B3AC74a90E64E8dDE60671b6fE8F8DDf18eC9d)
┌──────────────────────────────────────┬──────────────────────┬──────────────────────┬──────────────┐
│ File                                 │ Local                │ Remote               │ Status       │
├──────────────────────────────────────┼──────────────────────┼──────────────────────┼──────────────┤
│ TransparentUpgradeableProxyV2.sol    │ 0x45fc7b71…c4ba64af  │ 0x6609392e…475e88c5  │ mismatch     │
└──────────────────────────────────────┴──────────────────────┴──────────────────────┴──────────────┘
   • Checksum diff details, TransparentUpgradeableProxyV2 (0xF7837778b6E180Df6696C8Fa986d62f8b6186752)
┌──────────────────────────────────────┬──────────────────────┬──────────────────────┬──────────────┐
│ File                                 │ Local                │ Remote               │ Status       │
├──────────────────────────────────────┼──────────────────────┼──────────────────────┼──────────────┤
│ TransparentUpgradeableProxyV2.sol    │ 0x45fc7b71…c4ba64af  │ 0x6609392e…475e88c5  │ mismatch     │
└──────────────────────────────────────┴──────────────────────┴──────────────────────┴──────────────┘
   • Checksum diff details, TransparentUpgradeableProxyV2 (0x9C245671791834daf3885533D24dce516B763B28)
┌──────────────────────────────────────┬──────────────────────┬──────────────────────┬──────────────┐
│ File                                 │ Local                │ Remote               │ Status       │
├──────────────────────────────────────┼──────────────────────┼──────────────────────┼──────────────┤
│ TransparentUpgradeableProxyV2.sol    │ 0x45fc7b71…c4ba64af  │ 0x6609392e…475e88c5  │ mismatch     │
└──────────────────────────────────────┴──────────────────────┴──────────────────────┴──────────────┘
   • Checksum diff details, TransparentUpgradeableProxyV2 (0x023930A8ad88dc5AB3a3b8E8cb849BbD6a5c8441)
┌──────────────────────────────────────┬──────────────────────┬──────────────────────┬──────────────┐
│ File                                 │ Local                │ Remote               │ Status       │
├──────────────────────────────────────┼──────────────────────┼──────────────────────┼──────────────┤
│ TransparentUpgradeableProxyV2.sol    │ 0x45fc7b71…c4ba64af  │ 0x6609392e…475e88c5  │ mismatch     │
└──────────────────────────────────────┴──────────────────────┴──────────────────────┴──────────────┘
   • Checksum diff details, WBTC (0xb94C5fF7049F41BEa35d9f5F93DaCD91467BE669)
┌──────────────────────────────────────┬──────────────────────┬──────────────────────┬──────────────┐
│ File                                 │ Local                │ Remote               │ Status       │
├──────────────────────────────────────┼──────────────────────┼──────────────────────┼──────────────┤
│ Address.sol                          │ 0xd6153ce9…8b8bef10  │ —                    │ only local   │
├──────────────────────────────────────┼──────────────────────┼──────────────────────┼──────────────┤
│ Initializable.sol                    │ 0x2a21b14f…561d0d66  │ —                    │ only local   │
├──────────────────────────────────────┼──────────────────────┼──────────────────────┼──────────────┤
│ WBTC.sol                             │ 0x081e0d6d…201e9347  │ 0x8feda48d…09a470ac  │ mismatch     │
└──────────────────────────────────────┴──────────────────────┴──────────────────────┴──────────────┘
   • Checksum diff details, BridgeReward (0x7bEB0f3fC4002C4542015cFa9023dEE1A9EC9400)
┌──────────────────────────────────────┬──────────────────────┬──────────────────────┬──────────────┐
│ File                                 │ Local                │ Remote               │ Status       │
├──────────────────────────────────────┼──────────────────────┼──────────────────────┼──────────────┤
│ BridgeReward.sol                     │ 0x05ef3adb…5f0dee57  │ 0x7a6f4f58…6af2a009  │ mismatch     │
├──────────────────────────────────────┼──────────────────────┼──────────────────────┼──────────────┤
│ IBridgeSlash.sol                     │ 0xc783dc20…7f1b30e5  │ 0xb22e3ead…a2460134  │ mismatch     │
└──────────────────────────────────────┴──────────────────────┴──────────────────────┴──────────────┘
   • Checksum diff details, BridgeSlash (0xB03E29Be08E57b2d95Fe9F94966CB86a0DD98481)
┌──────────────────────────────────────┬──────────────────────┬──────────────────────┬──────────────┐
│ File                                 │ Local                │ Remote               │ Status       │
├──────────────────────────────────────┼──────────────────────┼──────────────────────┼──────────────┤
│ BridgeSlash.sol                      │ 0xcf3c91fb…be8e4557  │ 0x6734513b…cc0efdff  │ mismatch     │
├──────────────────────────────────────┼──────────────────────┼──────────────────────┼──────────────┤
│ IBridgeSlash.sol                     │ 0xc783dc20…7f1b30e5  │ 0xb22e3ead…a2460134  │ mismatch     │
└──────────────────────────────────────┴──────────────────────┴──────────────────────┴──────────────┘
   • Checksum diff details, BridgeTracking (0x3a3A92ba9d4D49aae06861136D547667c742F1aF)
┌──────────────────────────────────────┬──────────────────────┬──────────────────────┬──────────────┐
│ File                                 │ Local                │ Remote               │ Status       │
├──────────────────────────────────────┼──────────────────────┼──────────────────────┼──────────────┤
│ IBridgeSlash.sol                     │ 0xc783dc20…7f1b30e5  │ 0xb22e3ead…a2460134  │ mismatch     │
└──────────────────────────────────────┴──────────────────────┴──────────────────────┴──────────────┘
   • Checksum diff details, RoninGatewayV3 (0xD5e8763b02D11b4385734e4ac544aa2e498F2FB6)
┌──────────────────────────────────────┬──────────────────────┬──────────────────────┬──────────────┐
│ File                                 │ Local                │ Remote               │ Status       │
├──────────────────────────────────────┼──────────────────────┼──────────────────────┼──────────────┤
│ GatewayV3.sol                        │ 0xf32cdb6c…f12c14a6  │ 0x7d13ad8d…9049c62c  │ mismatch     │
├──────────────────────────────────────┼──────────────────────┼──────────────────────┼──────────────┤
│ RoninGatewayV3.sol                   │ 0xa7d82600…36140e2c  │ 0x0b567705…6c193897  │ mismatch     │
├──────────────────────────────────────┼──────────────────────┼──────────────────────┼──────────────┤
│ AssetMigration.sol                   │ —                    │ 0x48245b1c…76e4fd22  │ only remote  │
├──────────────────────────────────────┼──────────────────────┼──────────────────────┼──────────────┤
│ FunctionRestrictable.sol             │ —                    │ 0xbd548aa9…e60b679d  │ only remote  │
├──────────────────────────────────────┼──────────────────────┼──────────────────────┼──────────────┤
│ ICCIPLiquidityContainer.sol          │ —                    │ 0xe9756ff9…e9609f89  │ only remote  │
└──────────────────────────────────────┴──────────────────────┴──────────────────────┴──────────────┘
┌────────────────────────────────────────────────────┬────────────────────────────────────────────┬───────────────┬───────────────┬───────────────┬────────────────────────────────────────┐
│ Address                                            │ Contract                                   │ Etherscan     │ Sourcify      │ Checksum      │ Notes                                  │
├────────────────────────────────────────────────────┼────────────────────────────────────────────┼───────────────┼───────────────┼───────────────┼────────────────────────────────────────┤
│ 0x7FC81d20f7D1f53D0eA094fcBdd1b531B71225EB         │ TransparentUpgradeableProxyV2              │ NA            │ ✔             │ ✖             │ Checksum mismatch                      │
├────────────────────────────────────────────────────┼────────────────────────────────────────────┼───────────────┼───────────────┼───────────────┼────────────────────────────────────────┤
│ 0x6E19cF519b7B83F7CE719B6d30232485d9609D95         │ TransparentUpgradeableProxyV2              │ NA            │ ✔             │ ✖             │ Checksum mismatch                      │
├────────────────────────────────────────────────────┼────────────────────────────────────────────┼───────────────┼───────────────┼───────────────┼────────────────────────────────────────┤
│ 0x880c5da7bFF9740464287EBFE381Be1cCCCE4FEA         │ TransparentUpgradeableProxyV2              │ NA            │ ✔             │ ✖             │ Checksum mismatch                      │
├────────────────────────────────────────────────────┼────────────────────────────────────────────┼───────────────┼───────────────┼───────────────┼────────────────────────────────────────┤
│ 0x41aCDFe786171824a037f2Cd6224c5916A58969a         │ TransparentUpgradeableProxyV2              │ NA            │ ✔             │ ✖             │ Checksum mismatch                      │
├────────────────────────────────────────────────────┼────────────────────────────────────────────┼───────────────┼───────────────┼───────────────┼────────────────────────────────────────┤
│ 0x23Dffc4a93c374A91Fbc1c33075af012b68663F7         │ Forwarder                                  │ NA            │ ✔             │ ✖             │ No local artifact                      │
├────────────────────────────────────────────────────┼────────────────────────────────────────────┼───────────────┼───────────────┼───────────────┼────────────────────────────────────────┤
│ 0x75C9bBA4b2Faeb7cdec391e7699F015DAeaCa016         │ Forwarder                                  │ NA            │ ✔             │ ✖             │ No local artifact                      │
├────────────────────────────────────────────────────┼────────────────────────────────────────────┼───────────────┼───────────────┼───────────────┼────────────────────────────────────────┤
│ 0x47E2e2F27f2F70Cb6A4cCa4a777d980020CCD351         │ Forwarder                                  │ NA            │ ✔             │ ✖             │ No local artifact                      │
├────────────────────────────────────────────────────┼────────────────────────────────────────────┼───────────────┼───────────────┼───────────────┼────────────────────────────────────────┤
│ 0x366D5C95CE8Da388C7401b11Fd88C0bd1bCBc649         │ Forwarder                                  │ NA            │ ✔             │ ✖             │ No local artifact                      │
├────────────────────────────────────────────────────┼────────────────────────────────────────────┼───────────────┼───────────────┼───────────────┼────────────────────────────────────────┤
│ 0x4016C80D97DDCbe4286140446759a3f0c1d20584         │ TransparentUpgradeableProxyV2              │ NA            │ ✔             │ ✖             │ Checksum mismatch                      │
├────────────────────────────────────────────────────┼────────────────────────────────────────────┼───────────────┼───────────────┼───────────────┼────────────────────────────────────────┤
│ 0xc077617A8384FEC2f11A3B3B01Ca353ECB345181         │ Forwarder                                  │ NA            │ ✔             │ ✖             │ No local artifact                      │
├────────────────────────────────────────────────────┼────────────────────────────────────────────┼───────────────┼───────────────┼───────────────┼────────────────────────────────────────┤
│ 0xDBB04B4BdBb385EB14cb3ea3C7B1FCcA55ea9160         │ MockERC1155                                │ NA            │ ✔             │ ✖             │ No local artifact                      │
├────────────────────────────────────────────────────┼────────────────────────────────────────────┼───────────────┼───────────────┼───────────────┼────────────────────────────────────────┤
│ 0x3b67c8D22a91572a6AB18acC9F70787Af04A4043         │ TransparentUpgradeableProxyV2              │ NA            │ ✔             │ ✖             │ Checksum mismatch                      │
├────────────────────────────────────────────────────┼────────────────────────────────────────────┼───────────────┼───────────────┼───────────────┼────────────────────────────────────────┤
│ 0x8AaAD4782890eb879A0fC132A6AdF9E5eE708faF         │ TransparentUpgradeableProxyV2              │ NA            │ ✔             │ ✔             │ Checksum full match                    │
├────────────────────────────────────────────────────┼────────────────────────────────────────────┼───────────────┼───────────────┼───────────────┼────────────────────────────────────────┤
│ 0x51F44b52856d8E83692FCE53795eb848f410B950         │ PauseEnforcer                              │ NA            │ ✔             │ ✖             │ Checksum mismatch                      │
├────────────────────────────────────────────────────┼────────────────────────────────────────────┼───────────────┼───────────────┼───────────────┼────────────────────────────────────────┤
│ 0xCee681C9108c42C710c6A8A949307D5F13C9F3ca         │ TransparentUpgradeableProxyV2              │ NA            │ ✔             │ ✖             │ Checksum mismatch                      │
├────────────────────────────────────────────────────┼────────────────────────────────────────────┼───────────────┼───────────────┼───────────────┼────────────────────────────────────────┤
│ 0x1aD54D61F47acBcBA99fb6540A1694EB2F47AB95         │ TransparentUpgradeableProxyV2              │ NA            │ ✔             │ ✖             │ Checksum mismatch                      │
├────────────────────────────────────────────────────┼────────────────────────────────────────────┼───────────────┼───────────────┼───────────────┼────────────────────────────────────────┤
│ 0x7507dc433a98E1fE105d69f19f3B40E4315A4F32         │ TransparentUpgradeableProxyV2              │ NA            │ ✔             │ ✖             │ Checksum mismatch                      │
├────────────────────────────────────────────────────┼────────────────────────────────────────────┼───────────────┼───────────────┼───────────────┼────────────────────────────────────────┤
│ 0x53Ea388CB72081A3a397114a43741e7987815896         │ RoninGovernanceAdmin                       │ NA            │ ✔             │ ✖             │ No local artifact                      │
├────────────────────────────────────────────────────┼────────────────────────────────────────────┼───────────────┼───────────────┼───────────────┼────────────────────────────────────────┤
│ 0x54B3AC74a90E64E8dDE60671b6fE8F8DDf18eC9d         │ TransparentUpgradeableProxyV2              │ NA            │ ✔             │ ✖             │ Checksum mismatch                      │
├────────────────────────────────────────────────────┼────────────────────────────────────────────┼───────────────┼───────────────┼───────────────┼────────────────────────────────────────┤
│ 0xc998920E55f68f631fc4fb1e0dA11A16c637044E         │ RoninValidatorSetTimedMigrator             │ NA            │ ✔             │ ✖             │ No local artifact                      │
├────────────────────────────────────────────────────┼────────────────────────────────────────────┼───────────────┼───────────────┼───────────────┼────────────────────────────────────────┤
│ 0xF7837778b6E180Df6696C8Fa986d62f8b6186752         │ TransparentUpgradeableProxyV2              │ NA            │ ✔             │ ✖             │ Checksum mismatch                      │
├────────────────────────────────────────────────────┼────────────────────────────────────────────┼───────────────┼───────────────┼───────────────┼────────────────────────────────────────┤
│ 0x9C245671791834daf3885533D24dce516B763B28         │ TransparentUpgradeableProxyV2              │ NA            │ ✔             │ ✖             │ Checksum mismatch                      │
├────────────────────────────────────────────────────┼────────────────────────────────────────────┼───────────────┼───────────────┼───────────────┼────────────────────────────────────────┤
│ 0x023930A8ad88dc5AB3a3b8E8cb849BbD6a5c8441         │ TransparentUpgradeableProxyV2              │ NA            │ ✔             │ ✖             │ Checksum mismatch                      │
├────────────────────────────────────────────────────┼────────────────────────────────────────────┼───────────────┼───────────────┼───────────────┼────────────────────────────────────────┤
│ 0xeC97D6E75295495b53bac049D9F2E39EfC3ef9DA         │ VaultForwarder                             │ NA            │ ✔             │ ✖             │ No local artifact                      │
├────────────────────────────────────────────────────┼────────────────────────────────────────────┼───────────────┼───────────────┼───────────────┼────────────────────────────────────────┤
│ 0xb94C5fF7049F41BEa35d9f5F93DaCD91467BE669         │ WBTC                                       │ NA            │ ✔             │ ✖             │ Checksum mismatch                      │
├────────────────────────────────────────────────────┼────────────────────────────────────────────┼───────────────┼───────────────┼───────────────┼────────────────────────────────────────┤
│ 0x7bEB0f3fC4002C4542015cFa9023dEE1A9EC9400         │ BridgeReward                               │ NA            │ ✔             │ ✖             │ Checksum mismatch                      │
├────────────────────────────────────────────────────┼────────────────────────────────────────────┼───────────────┼───────────────┼───────────────┼────────────────────────────────────────┤
│ 0xB03E29Be08E57b2d95Fe9F94966CB86a0DD98481         │ BridgeSlash                                │ NA            │ ✔             │ ✖             │ Checksum mismatch                      │
├────────────────────────────────────────────────────┼────────────────────────────────────────────┼───────────────┼───────────────┼───────────────┼────────────────────────────────────────┤
│ 0x3a3A92ba9d4D49aae06861136D547667c742F1aF         │ BridgeTracking                             │ NA            │ ✔             │ ✖             │ Checksum mismatch                      │
├────────────────────────────────────────────────────┼────────────────────────────────────────────┼───────────────┼───────────────┼───────────────┼────────────────────────────────────────┤
│ 0xf98397Df46de69ECa2D557941ac484aFD27A3DB4         │ FastFinalityTracking                       │ NA            │ ✔             │ ✖             │ No local artifact                      │
├────────────────────────────────────────────────────┼────────────────────────────────────────────┼───────────────┼───────────────┼───────────────┼────────────────────────────────────────┤
│ 0x78B0307817bF355de46BF46011f865F1803c9028         │ Maintenance                                │ NA            │ ✔             │ ✖             │ No local artifact                      │
├────────────────────────────────────────────────────┼────────────────────────────────────────────┼───────────────┼───────────────┼───────────────┼────────────────────────────────────────┤
│ 0xaadc07034392579B49b80d74D006Cf81e2F72cFb         │ Profile                                    │ NA            │ ✔             │ ✖             │ No local artifact                      │
├────────────────────────────────────────────────────┼────────────────────────────────────────────┼───────────────┼───────────────┼───────────────┼────────────────────────────────────────┤
│ 0x64D21e91c2Cb367D2972E0bC377CFEa4e55F3685         │ RoninBridgeManager                         │ NA            │ ✔             │ ✔             │ Checksum full match                    │
├────────────────────────────────────────────────────┼────────────────────────────────────────────┼───────────────┼───────────────┼───────────────┼────────────────────────────────────────┤
│ 0x4222384E84C248aa8D50FDC702a1b55E6b4efc99         │ PauseEnforcer                              │ NA            │ ✔             │ ✔             │ Checksum full match                    │
├────────────────────────────────────────────────────┼────────────────────────────────────────────┼───────────────┼───────────────┼───────────────┼────────────────────────────────────────┤
│ 0xD5e8763b02D11b4385734e4ac544aa2e498F2FB6         │ RoninGatewayV3                             │ NA            │ ✔             │ ✖             │ Checksum mismatch                      │
├────────────────────────────────────────────────────┼────────────────────────────────────────────┼───────────────┼───────────────┼───────────────┼────────────────────────────────────────┤
│ 0xB0B2C0b54Cbfc79936a47B1461F3eBE5d0dfAa46         │ RoninTrustedOrganization                   │ NA            │ ✔             │ ✖             │ No local artifact                      │
├────────────────────────────────────────────────────┼────────────────────────────────────────────┼───────────────┼───────────────┼───────────────┼────────────────────────────────────────┤
│ 0x2757817BC305d13e22C3D62f0690810d16f24714         │ RoninValidatorSet                          │ NA            │ ✔             │ ✖             │ No local artifact                      │
├────────────────────────────────────────────────────┼────────────────────────────────────────────┼───────────────┼───────────────┼───────────────┼────────────────────────────────────────┤
│ 0x185F6a4b3052aB71a24Da9532f918D37CE238a6f         │ SlashIndicator                             │ NA            │ ✔             │ ✖             │ No local artifact                      │
├────────────────────────────────────────────────────┼────────────────────────────────────────────┼───────────────┼───────────────┼───────────────┼────────────────────────────────────────┤
│ 0xcfC357c00Fac73979CBe9e91E81e6B77a7E93D82         │ Staking                                    │ NA            │ ✔             │ ✖             │ No local artifact                      │
├────────────────────────────────────────────────────┼────────────────────────────────────────────┼───────────────┼───────────────┼───────────────┼────────────────────────────────────────┤
│ 0x8ef8eB374B2eec7A92F31238B725D8D276ae0eDA         │ StakingVesting                             │ NA            │ ✔             │ ✖             │ No local artifact                      │
└────────────────────────────────────────────