| Contract                                        | Runtime Size (B) | Initcode Size (B) | Runtime Margin (B) | Initcode Margin (B) |
+===================================================================================================================================+
| Address                                         | 85               | 135               | 24,491             | 49,017              |
|-------------------------------------------------+------------------+-------------------+--------------------+---------------------|
| AddressArrayUtils                               | 85               | 135               | 24,491             | 49,017              |
|-------------------------------------------------+------------------+-------------------+--------------------+---------------------|
| Ballot                                          | 85               | 135               | 24,491             | 49,017              |
|-------------------------------------------------+------------------+-------------------+--------------------+---------------------|
| BaseGeneralConfig                               | 30,555           | 43,753            | -5,979             | 5,399               |
|-------------------------------------------------+------------------+-------------------+--------------------+---------------------|
| BridgeOperatorsBallot                           | 164              | 214               | 24,412             | 48,938              |
|-------------------------------------------------+------------------+-------------------+--------------------+---------------------|
| BridgeReward                                    | 5,999            | 6,233             | 18,577             | 42,919              |
|-------------------------------------------------+------------------+-------------------+--------------------+---------------------|
| BridgeRewardHarness                             | 6,541            | 6,787             | 18,035             | 42,365              |
|-------------------------------------------------+------------------+-------------------+--------------------+---------------------|
| BridgeSlash                                     | 5,314            | 5,528             | 19,262             | 43,624              |
|-------------------------------------------------+------------------+-------------------+--------------------+---------------------|
| BridgeTracking                                  | 6,630            | 6,871             | 17,946             | 42,281              |
|-------------------------------------------------+------------------+-------------------+--------------------+---------------------|
| ECDSA                                           | 85               | 135               | 24,491             | 49,017              |
|-------------------------------------------------+------------------+-------------------+--------------------+---------------------|
| ERC1155                                         | 4,856            | 5,481             | 19,720             | 43,671              |
|-------------------------------------------------+------------------+-------------------+--------------------+---------------------|
| ERC1155Holder                                   | 932              | 960               | 23,644             | 48,192              |
|-------------------------------------------------+------------------+-------------------+--------------------+---------------------|
| ERC1155PresetMinterPauser                       | 10,094           | 11,128            | 14,482             | 38,024              |
|-------------------------------------------------+------------------+-------------------+--------------------+---------------------|
| ERC1967Proxy                                    | 170              | 1,214             | 24,406             | 47,938              |
|-------------------------------------------------+------------------+-------------------+--------------------+---------------------|
| ERC1967Utils                                    | 85               | 135               | 24,491             | 49,017              |
|-------------------------------------------------+------------------+-------------------+--------------------+---------------------|
| ERC20                                           | 2,123            | 2,812             | 22,453             | 46,340              |
|-------------------------------------------------+------------------+-------------------+--------------------+---------------------|
| ERC20PresetMinterPauser                         | 6,045            | 7,154             | 18,531             | 41,998              |
|-------------------------------------------------+------------------+-------------------+--------------------+---------------------|
| ERC721                                          | 4,215            | 4,903             | 20,361             | 44,249              |
|-------------------------------------------------+------------------+-------------------+--------------------+---------------------|
| EnumerableSet                                   | 85               | 135               | 24,491             | 49,017              |
|-------------------------------------------------+------------------+-------------------+--------------------+---------------------|
| ErrorHandler                                    | 85               | 135               | 24,491             | 49,017              |
|-------------------------------------------------+------------------+-------------------+--------------------+---------------------|
| Errors                                          | 85               | 135               | 24,491             | 49,017              |
|-------------------------------------------------+------------------+-------------------+--------------------+---------------------|
| GeneralConfig                                   | 34,860           | 52,635            | -10,284            | -3,483              |
|-------------------------------------------------+------------------+-------------------+--------------------+---------------------|
| GlobalProposal                                  | 85               | 135               | 24,491             | 49,017              |
|-------------------------------------------------+------------------+-------------------+--------------------+---------------------|
| HasBridgeDeprecated                             | 62               | 88                | 24,514             | 49,064              |
|-------------------------------------------------+------------------+-------------------+--------------------+---------------------|
| HasValidatorDeprecated                          | 62               | 88                | 24,514             | 49,064              |
|-------------------------------------------------+------------------+-------------------+--------------------+---------------------|
| IsolatedGovernance                              | 85               | 135               | 24,491             | 49,017              |
|-------------------------------------------------+------------------+-------------------+--------------------+---------------------|
| JSONParserLib                                   | 85               | 135               | 24,491             | 49,017              |
|-------------------------------------------------+------------------+-------------------+--------------------+---------------------|
| LegacyTokenMigrator                             | 5,359            | 5,584             | 19,217             | 43,568              |
|-------------------------------------------------+------------------+-------------------+--------------------+---------------------|
| LibArray                                        | 85               | 135               | 24,491             | 49,017              |
|-------------------------------------------------+------------------+-------------------+--------------------+---------------------|
| LibArtifact                                     | 85               | 135               | 24,491             | 49,017              |
|-------------------------------------------------+------------------+-------------------+--------------------+---------------------|
| LibCompanionNetwork                             | 85               | 135               | 24,491             | 49,017              |
|-------------------------------------------------+------------------+-------------------+--------------------+---------------------|
| LibDeploy                                       | 85               | 135               | 24,491             | 49,017              |
|-------------------------------------------------+------------------+-------------------+--------------------+---------------------|
| LibErrorHandler                                 | 85               | 135               | 24,491             | 49,017              |
|-------------------------------------------------+------------------+-------------------+--------------------+---------------------|
| LibInitializeGuard                              | 85               | 135               | 24,491             | 49,017              |
|-------------------------------------------------+------------------+-------------------+--------------------+---------------------|
| LibProposal                                     | 85               | 135               | 24,491             | 49,017              |
|-------------------------------------------------+------------------+-------------------+--------------------+---------------------|
| LibProxy                                        | 85               | 135               | 24,491             | 49,017              |
|-------------------------------------------------+------------------+-------------------+--------------------+---------------------|
| LibRandom                                       | 85               | 135               | 24,491             | 49,017              |
|-------------------------------------------------+------------------+-------------------+--------------------+---------------------|
| LibRequestBatch                                 | 85               | 135               | 24,491             | 49,017              |
|-------------------------------------------------+------------------+-------------------+--------------------+---------------------|
| LibSharedAddress                                | 85               | 135               | 24,491             | 49,017              |
|-------------------------------------------------+------------------+-------------------+--------------------+---------------------|
| LibStorage                                      | 85               | 135               | 24,491             | 49,017              |
|-------------------------------------------------+------------------+-------------------+--------------------+---------------------|
| LibString                                       | 85               | 135               | 24,491             | 49,017              |
|-------------------------------------------------+------------------+-------------------+--------------------+---------------------|
| LibTUint256Slot                                 | 85               | 135               | 24,491             | 49,017              |
|-------------------------------------------------+------------------+-------------------+--------------------+---------------------|
| LibTimeWarper                                   | 85               | 135               | 24,491             | 49,017              |
|-------------------------------------------------+------------------+-------------------+--------------------+---------------------|
| LibTokenInfo                                    | 164              | 214               | 24,412             | 48,938              |
|-------------------------------------------------+------------------+-------------------+--------------------+---------------------|
| LibTokenInfoBatch                               | 85               | 135               | 24,491             | 49,017              |
|-------------------------------------------------+------------------+-------------------+--------------------+---------------------|
| LibTokenOwner                                   | 164              | 214               | 24,412             | 48,938              |
|-------------------------------------------------+------------------+-------------------+--------------------+---------------------|
| MainchainBridgeManager                          | 20,178           | 20,403            | 4,398              | 28,749              |
|-------------------------------------------------+------------------+-------------------+--------------------+---------------------|
| MainchainGatewayBatcher                         | 4,039            | 4,264             | 20,537             | 44,888              |
|-------------------------------------------------+------------------+-------------------+--------------------+---------------------|
| MainchainGatewayV3                              | 24,028           | 24,265            | 548                | 24,887              |
|-------------------------------------------------+------------------+-------------------+--------------------+---------------------|
| MainchainGatewayV3_initialize                   | 25,721           | 25,958            | -1,145             | 23,194              |
|-------------------------------------------------+------------------+-------------------+--------------------+---------------------|
| Math                                            | 85               | 135               | 24,491             | 49,017              |
|-------------------------------------------------+------------------+-------------------+--------------------+---------------------|
| MockBridge                                      | 1,252            | 1,280             | 23,324             | 47,872              |
|-------------------------------------------------+------------------+-------------------+--------------------+---------------------|
| MockBridgeManager                               | 2,564            | 2,592             | 22,012             | 46,560              |
|-------------------------------------------------+------------------+-------------------+--------------------+---------------------|
| MockBridgeReward                                | 6,688            | 6,934             | 17,888             | 42,218              |
|-------------------------------------------------+------------------+-------------------+--------------------+---------------------|
| MockBridgeSlash                                 | 5,664            | 5,889             | 18,912             | 43,263              |
|-------------------------------------------------+------------------+-------------------+--------------------+---------------------|
| MockBridgeTracking                              | 1,832            | 1,860             | 22,744             | 47,292              |
|-------------------------------------------------+------------------+-------------------+--------------------+---------------------|
| MockCCIPPoolMultiLane                           | 1,369            | 1,501             | 23,207             | 47,651              |
|-------------------------------------------------+------------------+-------------------+--------------------+---------------------|
| MockCCIPPoolSingleLane                          | 1,160            | 1,291             | 23,416             | 47,861              |
|-------------------------------------------------+------------------+-------------------+--------------------+---------------------|
| MockDiscardEther                                | 137              | 163               | 24,439             | 48,989              |
|-------------------------------------------------+------------------+-------------------+--------------------+---------------------|
| MockERC1155                                     | 5,890            | 6,517             | 18,686             | 42,635              |
|-------------------------------------------------+------------------+-------------------+--------------------+---------------------|
| MockERC20                                       | 2,383            | 3,076             | 22,193             | 46,076              |
|-------------------------------------------------+------------------+-------------------+--------------------+---------------------|
| MockERC721                                      | 4,567            | 5,259             | 20,009             | 43,893              |
|-------------------------------------------------+------------------+-------------------+--------------------+---------------------|
| MockGatewayForTracking                          | 1,573            | 1,875             | 23,003             | 47,277              |
|-------------------------------------------------+------------------+-------------------+--------------------+---------------------|
| MockOwnedERC20                                  | 2,806            | 3,606             | 21,770             | 45,546              |
|-------------------------------------------------+------------------+-------------------+--------------------+---------------------|
| MockPausable                                    | 2,269            | 2,491             | 22,307             | 46,661              |
|-------------------------------------------------+------------------+-------------------+--------------------+---------------------|
| MockRoninBridgeManager                          | 23,930           | 24,155            | 646                | 24,997              |
|-------------------------------------------------+------------------+-------------------+--------------------+---------------------|
| MockRoninGatewayV3Extended                      | 24,957           | 25,194            | -381               | 23,958              |
|-------------------------------------------------+------------------+-------------------+--------------------+---------------------|
| MockSLP                                         | 2,382            | 2,856             | 22,194             | 46,296              |
|-------------------------------------------------+------------------+-------------------+--------------------+---------------------|
| MockTUint256Slot                                | 2,574            | 2,602             | 22,002             | 46,550              |
|-------------------------------------------------+------------------+-------------------+--------------------+---------------------|
| MockUSDC                                        | 2,383            | 2,848             | 22,193             | 46,304              |
|-------------------------------------------------+------------------+-------------------+--------------------+---------------------|
| MockValidatorContract_OnlyTiming_ForHardhatTest | 1,011            | 1,095             | 23,565             | 48,057              |
|-------------------------------------------------+------------------+-------------------+--------------------+---------------------|
| MockValidatorSet_ForFoundryTest                 | 165              | 191               | 24,411             | 48,961              |
|-------------------------------------------------+------------------+-------------------+--------------------+---------------------|
| MockWrappedToken                                | 2,147            | 2,848             | 22,429             | 46,304              |
|-------------------------------------------------+------------------+-------------------+--------------------+---------------------|
| PRBMathUtils                                    | 62               | 88                | 24,514             | 49,064              |
|-------------------------------------------------+------------------+-------------------+--------------------+---------------------|
| Panic                                           | 85               | 135               | 24,491             | 49,017              |
|-------------------------------------------------+------------------+-------------------+--------------------+---------------------|
| PauseEnforcer                                   | 3,938            | 4,896             | 20,638             | 44,256              |
|-------------------------------------------------+------------------+-------------------+--------------------+---------------------|
| Proposal                                        | 85               | 135               | 24,491             | 49,017              |
|-------------------------------------------------+------------------+-------------------+--------------------+---------------------|
| ProxyAdmin                                      | 1,079            | 1,315             | 23,497             | 47,837              |
|-------------------------------------------------+------------------+-------------------+--------------------+---------------------|
| RoninBridgeManager                              | 23,930           | 24,155            | 646                | 24,997              |
|-------------------------------------------------+------------------+-------------------+--------------------+---------------------|
| RoninBridgeManagerConstructor                   | 14,457           | 14,682            | 10,119             | 34,470              |
|-------------------------------------------------+------------------+-------------------+--------------------+---------------------|
| RoninGatewayV3                                  | 24,710           | 24,947            | -134               | 24,205              |
|-------------------------------------------------+------------------+-------------------+--------------------+---------------------|
| RoninGatewayV3_initialize                       | 25,425           | 25,662            | -849               | 23,490              |
|-------------------------------------------------+------------------+-------------------+--------------------+---------------------|
| RoninMockERC1155                                | 8,563            | 9,524             | 16,013             | 39,628              |
|-------------------------------------------------+------------------+-------------------+--------------------+---------------------|
| RoninTransparentProxy                           | 1,971            | 3,072             | 22,605             | 46,080              |
|-------------------------------------------------+------------------+-------------------+--------------------+---------------------|
| SafeCast                                        | 85               | 135               | 24,491             | 49,017              |
|-------------------------------------------------+------------------+-------------------+--------------------+---------------------|
| SafeERC20                                       | 85               | 135               | 24,491             | 49,017              |
|-------------------------------------------------+------------------+-------------------+--------------------+---------------------|
| SideChainGatewayBurner                          | 1,423            | 1,747             | 23,153             | 47,405              |
|-------------------------------------------------+------------------+-------------------+--------------------+---------------------|
| StdStyle                                        | 85               | 135               | 24,491             | 49,017              |
|-------------------------------------------------+------------------+-------------------+--------------------+---------------------|
| StorageSlot                                     | 85               | 135               | 24,491             | 49,017              |
|-------------------------------------------------+------------------+-------------------+--------------------+---------------------|
| Strings                                         | 85               | 135               | 24,491             | 49,017              |
|-------------------------------------------------+------------------+-------------------+--------------------+---------------------|
| Transfer                                        | 164              | 214               | 24,412             | 48,938              |
|-------------------------------------------------+------------------+-------------------+--------------------+---------------------|
| TransparentProxyOZv4_9_5                        | 2,147            | 3,519             | 22,429             | 45,633              |
|-------------------------------------------------+------------------+-------------------+--------------------+---------------------|
| TransparentUpgradeableProxy                     | 2,028            | 3,382             | 22,548             | 45,770              |
|-------------------------------------------------+------------------+-------------------+--------------------+---------------------|
| TransparentUpgradeableProxyV2                   | 2,314            | 3,674             | 22,262             | 45,478              |
|-------------------------------------------------+------------------+-------------------+--------------------+---------------------|
| Uint96ArrayUtils                                | 85               | 135               | 24,491             | 49,017              |
|-------------------------------------------------+------------------+-------------------+--------------------+---------------------|
| WBTC                                            | 6,515            | 8,087             | 18,061             | 41,065              |
|-------------------------------------------------+------------------+-------------------+--------------------+---------------------|
| WBTC_Sepolia                                    | 2,123            | 2,886             | 22,453             | 46,266              |
|-------------------------------------------------+------------------+-------------------+--------------------+---------------------|
| WethUnwrapper                                   | 1,148            | 1,347             | 23,428             | 47,805              |
|-------------------------------------------------+------------------+-------------------+--------------------+---------------------|
| console                                         | 85               | 135               | 24,491             | 49,017              |
|-------------------------------------------------+------------------+-------------------+--------------------+---------------------|
| safeconsole                                     | 85               | 135               | 24,491             | 49,017              |
|-------------------------------------------------+------------------+-------------------+--------------------+---------------------|
| stdJson                                         | 85               | 135               | 24,491             | 49,017              |
|-------------------------------------------------+------------------+-------------------+--------------------+---------------------|
| stdMath                                         | 85               | 135               | 24,491             | 49,017              |
|-------------------------------------------------+------------------+-------------------+--------------------+---------------------|
| stdStorage                                      | 85               | 135               | 24,491             | 49,017              |
|-------------------------------------------------+------------------+-------------------+--------------------+---------------------|
| stdStorageSafe                                  | 85               | 135               | 24,491             | 49,017              |
╰-------------------------------------------------+------------------+-------------------+--------------------+---------------------╯

